---
source: src/tui/views/ecs_log.rs
expression: buffer_to_string(&terminal)
---
┌ Logs: app ───────────────────────────────────────────────────────────────────────────────────────────────────────────┐
│Health check passed                                                                                                   │
│                                                                                                                      │
│                                                                                                                      │
│                                                                                                                      │
│                                                                                                                      │
│                                                                                                                      │
│                                                                                                                      │
│                                                                                                                      │
│                                                                                                                      │
│                                                                                                                      │
│                                                                                                                      │
│                                                                                                                      │
│                                                                                                                      │
│                                                                                                                      │
│                                                                                                                      │
│                                                                                                                      │
│                                                                                                                      │
└──────────────────────────────────────────────────────────────────────────────────────────────────────────────────────┘
 [LIVE] 3/3 j/k:scroll h/l:hscroll g/G:top/bottom f:toggle-live /:search n/N:next/prev Esc:back
