---
source: src/tui/views/secrets_detail.rs
expression: buffer_to_string(&terminal)
---
┌ db-password ───────────────────────────────────────────── dev-account │ ap-northeast-1 ┐
│ [Overview] [Tags]                                                                      │
│Key                        Value                                                        │
│env                        production                                                   │
│team                       backend                                                      │
│                                                                                        │
│                                                                                        │
│                                                                                        │
│                                                                                        │
│                                                                                        │
│                                                                                        │
│                                                                                        │
│                                                                                        │
│                                                                                        │
│                                                                                        │
│                                                                                        │
│                                                                                        │
│                                                                                        │
└────────────────────────────────────────────────────────────────────────────────────────┘
 Tab:switch-tab y:copy-value Esc:back
