---
source: src/tui/views/ecs_service_detail.rs
expression: buffer_to_string(&terminal)
---
┌ api-service ─────────────────────────────────────────────────────────────────────────────────────┐
│┌ Service Overview ──────────────────────────────────────────────────────────────────────────────┐│
││  Status            ACTIVE                                                                      ││
││  Tasks             0 pending | 3 running / 3 desired                                           ││
││  Task Definition   arn:aws:ecs:ap-northeast-1:123456789012:task-definition/my-task:1           ││
││  Deploy Status     COMPLETED                                                                   ││
││  Launch Type       FARGATE                                                                     ││
││  Scheduling        REPLICA                                                                     ││
││  Created           2026-02-04T20:07:00Z                                                        ││
││  Health Check      0 seconds                                                                   ││
││  Service ARN       arn:aws:ecs:ap-northeast-1:123456789012:service/web-cluster/api-service     ││
││  Cluster ARN       arn:aws:ecs:ap-northeast-1:123456789012:cluster/web-cluster                 ││
││                                                                                                ││
││                                                                                                ││
│└────────────────────────────────────────────────────────────────────────────────────────────────┘│
│ Tasks  │  Deployments                                                                            │
│ID               Status     Desired  Running  Pending  Rollout State  Created At                  │
│11111111111111   PRIMARY    3        3        0        COMPLETED      2026-02-04T20:07:00Z        │
│22222222222222   ACTIVE     3        0        0        IN_PROGRESS    2026-02-03T10:00:00Z        │
│                                                                                                  │
│                                                                                                  │
│                                                                                                  │
│                                                                                                  │
│                                                                                                  │
│                                                                                                  │
│                                                                                                  │
│                                                                                                  │
│                                                                                                  │
└──────────────────────────────────────────────────────────────────────────────────────────────────┘
 j/k:move ]/[:switch-tab d:force-deploy s:scale l:logs a:exec Esc:back ?:help
