---
source: src/tui/views/secrets_list.rs
expression: buffer_to_string(&terminal)
---
┌ Secrets ─────────────────────────────────────────────────────────── dev-account │ ap-northeast-1 ┐
│Name                      Description                Last Changed           Last Accessed         │
│db-password               Database password          2025-01-15T10:30:00Z   2025-01-20T08:00:00Z  │
│api-key                   API key for service        2025-01-15T10:30:00Z   2025-01-20T08:00:00Z  │
│tls-cert                  -                          2025-01-15T10:30:00Z   2025-01-20T08:00:00Z  │
│                                                                                                  │
│                                                                                                  │
│                                                                                                  │
│                                                                                                  │
│                                                                                                  │
│                                                                                                  │
│                                                                                                  │
│                                                                                                  │
└──────────────────────────────────────────────────────────────────────────────────────────────────┘
 j/k:move Enter:detail /:filter ?:help
