---
source: src/tui/views/secrets_detail.rs
expression: buffer_to_string(&terminal)
---
┌ db-password ───────────────────────────────────────────── dev-account │ ap-northeast-1 ┐
│ [Overview] [Tags]                                                                      │
│┌ Secret Info ─────────────────────────────────────────────────────────────────────────┐│
││  Name          db-password                                                           ││
││  ARN                                                                                 ││
││arn:aws:secretsmanager:ap-northeast-1:123456789012:secret:db-password-abc123          ││
││  Description   Database password for production                                      ││
││  KMS Key       arn:aws:kms:ap-northeast-1:123456789012:key/my-key                    ││
││  Rotation      Enabled                                                               ││
││  Rotation Fn   arn:aws:lambda:ap-northeast-1:123456789012:function:rotate            ││
││  Last Rotated  2025-01-10T12:00:00Z                                                  ││
││  Last Changed  2025-01-15T10:30:00Z                                                  ││
││  Last Accessed 2025-01-20T08:00:00Z                                                  ││
││  Created       2024-06-01T09:00:00Z                                                  ││
││  Versions      2                                                                     ││
││                                                                                      ││
││                                                                                      ││
│└──────────────────────────────────────────────────────────────────────────────────────┘│
└────────────────────────────────────────────────────────────────────────────────────────┘
 Tab:switch-tab y:copy-arn Esc:back
